<?xml version="1.0" encoding="UTF-8"?>
<Auth Username="username" PasswordCrypt="password" ShopId="1" AuthCode="1"/>
