<?xml version="1.0" encoding="UTF-8" ?>
<Error>Login Error: PREMIUM package needed</Error>
