<?xml version="1.0" encoding="UTF-8" ?>
<Error>Too much getNewsletter query, IP is banned till 05.24.2019 18:14:01!</Error>
